// Jest Snapshot v1, https://goo.gl/fbAQLP

exports[`AboutUsArticle component Should AboutUsArticle component render 1`] = `
<article>
  <h2>
    About us
  </h2>
  <p>
    Lorem ipsum dolor sit amet consectetur adipisicing elit. Doloremque aliquam qui saepe quaerat quos, unde sapiente aliquid nobis architecto praesentium?
  </p>
</article>
`;
